{"version":"1.1","ghcVersion":"ghc-9.13.20250529","span":{"file":"json_warn.hs","start":{"line":4,"column":3},"end":{"line":4,"column":4}},"severity":"Warning","code":40910,"message":["Defined but not used: \u2018x\u2019"],"hints":[],"reason":{"flags":["unused-matches"]}}
{"version":"1.1","ghcVersion":"ghc-9.13.20250529","span":{"file":"json_warn.hs","start":{"line":7,"column":5},"end":{"line":7,"column":9}},"severity":"Warning","code":63394,"message":["In the use of \u2018head\u2019 (imported from Prelude, but defined in GHC.Internal.List): \"This is a partial function, it throws an error on empty lists. Use pattern matching, 'Data.List.uncons' or 'Data.Maybe.listToMaybe' instead. Consider refactoring to use \"Data.List.NonEmpty\".\""],"hints":[],"reason":{"category":"x-partial"}}
